0 True -0.33333333333333326
1 True -0.3125
2 True -0.1714285714285714
3 True -0.16216216216216217
4 True -0.31250000000000017
5 True -0.3125
6 True -0.32142857142857145
7 True -0.3214285714285714
8 True -0.19444444444444445
9 True -0.17142857142857137
10 True -0.1595744680851064
11 True -0.17142857142857143
12 True -0.30357142857142855
13 True -0.33333333333333337
14 True -0.27272727272727265
15 True -0.2727272727272727
16 True -0.17857142857142858
17 True -0.28125
18 True -0.31034482758620713
19 True -0.28125
20 True -0.3103448275862069
21 True -0.2727272727272727
22 True -0.2727272727272727
23 True -0.31034482758620685
24 True -0.28125
25 True -0.3103448275862069
26 True -0.2727272727272727
27 True -0.2727272727272727
28 True -0.19444444444444448
29 True -0.19444444444444445
30 True -0.3
31 True -0.30000000000000004
32 True -0.3
33 True -0.30000000000000004
34 True -0.33333333333333326
35 True -0.3214285714285716
36 True -0.3333333333333333
37 True -0.28260869565217395
38 True -0.2727272727272727
39 True -0.2727272727272727
40 True -0.19444444444444445
41 True -0.19444444444444445
42 True -0.19444444444444445
43 True -0.19444444444444442
44 True -0.25
45 True -0.19444444444444442
46 True -0.19444444444444445
47 True -0.19444444444444442
48 True -0.19444444444444428
49 True -0.19444444444444445
50 True -0.19444444444444445
51 True -0.19444444444444453
52 True -0.19444444444444445
53 True -0.19444444444444448
54 True -0.19444444444444464
55 True -0.1944444444444442
56 True -0.19444444444444442
57 True -0.3125
58 True -0.3658536585365854
59 True -0.3125
60 True -0.36585365853658536
61 True -0.2727272727272727
62 True -0.2999999999999998
63 True -0.3125
64 True -0.27272727272727276
65 True -0.2727272727272727
66 True -0.2727272727272727
67 True -0.27272727272727276
68 True -0.3125
69 True -0.3125
70 True -0.2777777777777779
71 True -0.3333333333333333
72 True -0.33333333333333337
73 True -0.2727272727272726
74 True -0.33333333333333337
75 True -0.2727272727272727
76 True -0.19444444444444442
77 True -0.19444444444444442
78 True -0.2727272727272726
79 True -0.33333333333333304
80 True -0.32142857142857145
81 True -0.2727272727272727
82 True -0.2727272727272727
83 True -0.27272727272727276
84 True -0.3103448275862069
85 True -0.31034482758620685
86 True -0.31034482758620696
87 True -0.27272727272727276
88 True -0.2727272727272727
89 True -0.2727272727272727
90 True -0.2727272727272727
91 True -0.3103448275862069
92 True -0.3103448275862069
93 True -0.3103448275862069
94 True -0.31034482758620685
95 True -0.31034482758620696
96 True -0.3103448275862069
97 True -0.3103448275862069
98 True -0.31034482758620696
99 True -0.31034482758620685
100 True -0.31034482758620685
101 True -0.31294964028776967
102 True -0.3202247191011236
103 True -0.45283018867924585
104 True -0.3387096774193548
105 True -0.31034482758620685
106 True -0.27272727272727293
107 True -0.27272727272727276
108 True -0.31034482758620696
109 True -0.31034482758620685
110 True -0.3103448275862069
111 True -0.3181818181818182
112 True -0.3181818181818182
113 True -0.3333333333333333
114 True -0.3103448275862073
115 True -0.318435754189944
116 True -0.31818181818181757
117 True -0.3333333333333333
118 True -0.31034482758620685
119 True -0.31843575418994413
120 True -0.31818181818181834
121 True -0.33333333333333337
122 True -0.3103448275862069
123 True -0.4528301886792453
124 True -0.368421052631579
125 True -0.380952380952381
126 True -0.43548387096774194
127 True -0.38636363636363635
128 True -0.3103448275862069
129 True -0.2727272727272727
130 True -0.2727272727272727
131 True -0.2727272727272725
132 True -0.18749999999999997
133 True -0.3333333333333333
134 True -0.1875
135 True -0.23809523809523808
136 True -0.32142857142857145
137 True -0.37500000000000017
138 True -0.32142857142857145
139 True -0.375
140 True -0.3191489361702128
141 True -0.2
142 True -0.2638888888888889
143 True -0.33333333333333337
144 True -0.27450980392156865
145 True -0.32142857142857145
146 True -0.29166666666666663
147 True -0.30303030303030304
148 True -0.29032258064516137
149 True -0.3333333333333334
150 True -0.3333333333333333
151 True -0.32608695652173914
152 True -0.19444444444444442
153 True -0.33333333333333337
154 True -0.3829787234042553
155 True -0.375
156 True -0.19999999999999998
157 True -0.19444444444444442
158 True -0.3
159 True -0.1875
160 True -0.3214285714285714
161 True -0.3
162 True -0.19444444444444445
163 True -0.3
