0 True -0.32142857142857145
1 True -0.3214285714285714
2 True -0.1714285714285714
3 True -0.1595744680851064
4 True -0.19444444444444445
5 True -0.16216216216216217
6 True -0.17142857142857137
7 True -0.17142857142857143
8 True -0.30357142857142855
9 True -0.33333333333333337
10 True -0.19444444444444445
11 True -0.19444444444444448
12 True -0.19444444444444445
13 True -0.19444444444444445
14 True -0.19444444444444445
15 True -0.19444444444444442
16 True -0.17857142857142858
17 True -0.25
18 True -0.19444444444444442
19 True -0.19444444444444445
20 True -0.19444444444444442
21 True -0.19444444444444428
22 True -0.19444444444444445
23 True -0.19444444444444445
24 True -0.19444444444444453
25 True -0.19444444444444442
26 True -0.19444444444444445
27 True -0.19444444444444448
28 True -0.19444444444444464
29 True -0.1944444444444442
30 True -0.19444444444444442
31 True -0.19444444444444442
32 True -0.2727272727272727
33 True -0.3125
34 True -0.2999999999999998
35 True -0.3125
