9709414 0 8.111314219824889e-10 2.4333388637387543e-09 -5.226976989055195e-10 6.91493529103586e-11 12 False
9709414 1 8.762311174925008e-10 2.6286293142163686e-09 -5.171832877038412e-10 6.12624010230941e-11 12 False
9709414 2 8.87886425276778e-10 2.6635946781539133e-09 -5.143475218746598e-10 5.922499915308637e-11 12 False
9709414 3 8.14449618719621e-10 2.4432935674667533e-09 -5.220360002674012e-10 6.848743794307804e-11 12 False
9709414 4 8.163990755808991e-10 2.4491417782712688e-09 -5.218897012155714e-10 6.838822973508269e-11 12 False
9709414 5 8.718521929864269e-10 2.6154935994782136e-09 -5.077566996247799e-10 5.296896586727333e-11 12 False
9709414 6 8.131874319249023e-10 2.4395081510419914e-09 -5.224572324213096e-10 6.894218529396312e-11 12 False
9709414 7 8.119290337718668e-10 2.4357320604906363e-09 -5.215278247096955e-10 6.778122507711262e-11 12 False
9709414 8 8.184715606145157e-10 2.4553590272091697e-09 -5.19020720941175e-10 6.503764193866046e-11 12 False
9709414 9 8.657964795324338e-10 2.597327686260087e-09 -5.127724549603828e-10 5.880237068935802e-11 12 False
9709414 10 8.627188606642835e-10 2.5880946274980943e-09 -5.159674541190172e-10 6.111562476530141e-11 12 False
9709414 11 8.130794188561686e-10 2.4391826336511713e-09 -5.217550726681524e-10 6.809797170603975e-11 12 False
9709414 12 8.929846144419632e-10 2.67888777827352e-09 -5.115626065266944e-10 5.736815356645322e-11 12 False
9709414 13 8.84529306259436e-10 2.6535236230529335e-09 -5.111916195999086e-10 5.390597858583352e-11 12 False
9709414 14 0.08405524365426786 0.22829447980728546 -0.6595756242831305 0.0434988288907376 6 False
9709414 15 8.873636704559789e-10 2.6620265991539327e-09 -5.118258447529591e-10 5.5554734024133625e-11 12 False
9709414 16 8.790084453505941e-10 2.6369613159715755e-09 -5.125817770226638e-10 5.5021809040061764e-11 12 False
9709414 17 8.865404560486257e-10 2.6595565749687466e-09 -5.097759683322678e-10 5.254750886717836e-11 12 False
9709414 18 8.87902239748245e-10 2.6636413075209475e-09 -5.124624678875525e-10 5.6668138701549437e-11 12 False
9709414 19 8.694969421466528e-10 2.6084276960602892e-09 -5.153993876486613e-10 5.928929317882064e-11 12 False
9709414 20 8.692849673974182e-10 2.6077926484902036e-09 -5.135235323625932e-10 5.815491075107857e-11 12 False
9709414 21 8.763054144158279e-10 2.628852691088923e-09 -5.113198562895055e-10 5.417091504208799e-11 12 False
9709414 22 8.12525179378463e-10 2.4375208518279123e-09 -5.214036411642234e-10 6.765610294223738e-11 12 False
9709414 23 8.1125395482203e-10 2.43370745778293e-09 -5.220928759333191e-10 6.84308090567081e-11 12 False
9709414 24 8.159339443960434e-10 2.44774644997392e-09 -5.218384771154034e-10 6.830899270709387e-11 12 False
9709414 25 8.77787030832381e-10 2.6332975799903124e-09 -5.167721999309507e-10 5.985691078310647e-11 12 False
9709414 26 0.08405524714710637 0.22829448980914968 -0.6595755492095474 0.04349884058608703 6 False
9709414 27 8.090139605658934e-10 2.4269874998594787e-09 -5.220313134175643e-10 6.826994525256677e-11 12 False
9709414 28 0.0840552523359146 0.22829450397206763 -0.6595755547430041 0.043498839009787 6 False
9709414 29 8.580288152947972e-10 2.5740254372408344e-09 -5.139261824828447e-10 6.048637569306917e-11 12 False
9709415 0 8.366704462708393e-10 2.5099513578652477e-09 -5.203429494192964e-10 6.169923509992084e-11 12 False
9709415 1 7.689547983087438e-10 2.3068125187819533e-09 -5.333115761995347e-10 6.707141497255456e-11 12 False
9709415 2 8.50967744648235e-10 2.5528423819309864e-09 -5.15992904899164e-10 5.7928550845081005e-11 12 False
9709415 3 7.663479145491591e-10 2.2989921077964937e-09 -5.333873262029794e-10 6.658540348530042e-11 12 False
9709415 4 7.709457136177536e-10 2.3127859627436465e-09 -5.327601841624595e-10 6.663539126671379e-11 12 False
9709415 5 8.444497642984135e-10 2.5332882458428685e-09 -5.178171234537082e-10 5.938760594405213e-11 12 False
9709415 6 7.670411758743603e-10 2.301072665744641e-09 -5.331443157143425e-10 6.635014759837101e-11 12 False
9709415 7 7.707235047795988e-10 2.3121193848396615e-09 -5.318107031785366e-10 6.5029981399789e-11 12 False
9709415 8 7.764255115057132e-10 2.3292234807570367e-09 -5.313149754538262e-10 6.555314736569039e-11 12 False
9709415 9 7.707391118624602e-10 2.312165570117486e-09 -5.330434145753359e-10 6.7050221459884e-11 12 False
9709415 10 8.55961083147595e-10 2.5678210668900192e-09 -5.17740685686836e-10 6.008167029524734e-11 12 False
9709415 11 7.658096100672386e-10 2.297376955340269e-09 -5.336965042870409e-10 6.69652699870516e-11 12 False
9709415 12 8.547766797044719e-10 2.5642687973004286e-09 -5.132447027727455e-10 5.4333204602130575e-11 12 False
9709415 13 8.565415462758684e-10 2.5695623406818413e-09 -5.156704451967449e-10 5.870493525225613e-11 12 False
9709415 14 7.758264651085812e-10 2.327427583992403e-09 -5.307815228764832e-10 6.454026202362689e-11 12 False
9709415 15 7.688087291622678e-10 2.3063742027318312e-09 -5.319201104357324e-10 6.476086333862143e-11 12 False
9709415 16 8.536861964681156e-10 2.560997192091463e-09 -5.155507109257589e-10 5.784184242687163e-11 12 False
9709415 17 7.736742111541562e-10 2.320970526881183e-09 -5.304950569004384e-10 6.356796830265661e-11 12 False
9709415 18 8.507306335442871e-10 2.5521309510168066e-09 -5.164279601037764e-10 5.858456511014999e-11 12 False
9709415 19 8.544686707665217e-10 2.5633450917439404e-09 -5.156633291893576e-10 5.820965931492414e-11 12 False
9709415 20 7.67531448723979e-10 2.3025434892076646e-09 -5.335261702154126e-10 6.708944511046999e-11 12 False
9709415 21 8.529921854470759e-10 2.558915301875686e-09 -5.155641311042691e-10 5.770078549023569e-11 12 False
9709415 22 7.653535584840308e-10 2.2960100487523505e-09 -5.340042390056525e-10 6.736211588531842e-11 12 False
9709415 23 7.697185191355968e-10 2.30910313092636e-09 -5.331690960781783e-10 6.701705856926311e-11 12 False
9709415 24 7.68785744234818e-10 2.306306257082724e-09 -5.32776330949031e-10 6.615641368057603e-11 12 False
9709415 25 8.559175140955643e-10 2.5676905046623233e-09 -5.14136873693726e-10 5.6050883392324354e-11 12 False
9709415 26 8.495104723789261e-10 2.5484703236600126e-09 -5.152065789199524e-10 5.630085005498391e-11 12 False
9709415 27 8.529967879818599e-10 2.5589286245519816e-09 -5.159555048744802e-10 5.834188300359542e-11 12 False
9709415 28 7.683037733701559e-10 2.3048603026154524e-09 -5.328826539744925e-10 6.621747594692806e-11 12 False
9709415 29 8.492059641249148e-10 2.5475559439769313e-09 -5.166839238452823e-10 5.864675411970719e-11 12 False
9709416 0 8.630118010473559e-10 2.588972591865968e-09 -2.459948767199209e-09 8.487613980592513e-11 12 False
9709416 1 7.881527827408857e-10 2.3644073365858276e-09 -1.933898843523541e-09 9.752760955249228e-11 12 False
9709416 2 8.646022228105216e-10 2.5937447745150166e-09 -2.412010996738468e-09 8.259261672161383e-11 12 False
9709416 3 7.841520576589731e-10 2.3524058256896296e-09 -1.899613581509557e-09 9.797144531784231e-11 12 False
9709416 4 8.561893905055501e-10 2.5685080728976573e-09 -2.4073038410218955e-09 8.585167457043053e-11 12 False
9709416 5 8.59586739555904e-10 2.5786985879960866e-09 -2.4393610876754048e-09 8.558679637788949e-11 12 False
9709416 6 8.68570218514153e-10 2.605647697606628e-09 -2.438301325042301e-09 8.187843764353567e-11 12 False
9709416 7 8.586853201670358e-10 2.5759940847080998e-09 -2.431632587751808e-09 8.568545779222375e-11 12 False
9709416 8 7.73646848784999e-10 2.32089147900183e-09 -1.769489015896335e-09 9.77994041640867e-11 12 False
9709416 9 8.584787940650194e-10 2.575374580260359e-09 -2.431469305215934e-09 8.576956470560076e-11 12 False
9709416 10 8.523826200185049e-10 2.557087430687943e-09 -2.362248874909663e-09 8.583254567956154e-11 12 False
9709416 11 8.592795843799426e-10 2.5777771028856478e-09 -2.4356007175005055e-09 8.557715080045339e-11 12 False
9709416 12 7.601520533680887e-10 2.2804078625426882e-09 -1.7371518293767027e-09 1.0226943699496591e-10 12 False
9709416 13 8.694775062639586e-10 2.6083699644630087e-09 -2.432251187540439e-09 8.136304364469207e-11 12 False
9709416 14 8.584231163801227e-10 2.5752076027174553e-09 -2.409188341692259e-09 8.497192323793962e-11 12 False
9709416 15 7.50553779669844e-10 2.2516148945328496e-09 -1.669296840825909e-09 1.0387973566220927e-10 12 False
9709416 16 7.658211792354085e-10 2.297415591101526e-09 -1.7181694109371964e-09 9.923671350915167e-11 12 False
9709416 17 8.652901878114983e-10 2.59580845707319e-09 -2.402438356480214e-09 8.20538621737417e-11 12 False
9709416 18 7.925226633665969e-10 2.3775159618821817e-09 -1.923105784562775e-09 9.529812762842776e-11 12 False
9709416 19 7.910664471925779e-10 2.373146568146467e-09 -1.9484478076214725e-09 9.681038816990015e-11 12 False
9709416 20 7.629930887842658e-10 2.2889312667473405e-09 -1.7572447827349573e-09 1.0179294859546486e-10 12 False
9709416 21 7.559472986178954e-10 2.267794396715317e-09 -1.6957083028274628e-09 1.025331581756519e-10 12 False
9709416 22 8.705901979667438e-10 2.611706850785822e-09 -2.4979705356194295e-09 8.303725589823082e-11 12 False
9709416 23 8.600536693778478e-10 2.5800992453639537e-09 -2.4435959703749392e-09 8.554460409099433e-11 12 False
9709416 24 8.462831788039177e-10 2.538790067063701e-09 -2.344215126725639e-09 8.776969622658823e-11 12 False
9709416 25 7.588891454123775e-10 2.2766184493150377e-09 -1.7161392247511615e-09 1.0202585784423924e-10 12 False
9709416 26 8.651165852095033e-10 2.5952875404300357e-09 -2.462988153670035e-09 8.40857444007264e-11 12 False
9709416 27 8.620455627150384e-10 2.586075797950116e-09 -2.403882911268701e-09 8.332784383225604e-11 12 False
9709416 28 7.968615557931645e-10 2.390532216622887e-09 -1.984315071714981e-09 9.564975642844137e-11 12 False
9709416 29 8.539976824275039e-10 2.5619324439674074e-09 -2.3982258141555627e-09 8.64591455370102e-11 12 False
