0.5 61 1
0.525 61 0
0.55 62 0
0.575 62 0
0.6 62 0
0.625 63 0
0.65 63 0
0.675 63 0
0.7 63 0
0.725 61 0
0.75 54 0
0.775 47 0
0.8 40 0
0.825 34 0
0.85 36 0
0.875 37 0
0.9 38 0
0.925 40 0
0.95 40 0
0.975 42 0
1.0 42 0
1.025 39 0
1.05 38 0
1.075 34 0
1.1 33 0
1.125 31 0
1.15 26 0
1.175 23 0
1.2 20 0
1.225 17 0
1.25 14 0
1.275 12 0
1.3 10 0
1.325 8 0
1.35 7 0
1.375 6 0
1.4 4 0
1.425 3 0
1.45 2 0
1.475 1 0
1.5 0 0
1.525 0 0
1.55 0 0
1.575 0 0
1.6 0 0
1.625 0 0
1.65 0 0
1.675 0 0
1.7 0 0
1.725 0 0
1.75 0 0
1.775 0 0
1.8 0 0
1.825 0 0
1.85 0 0
1.875 0 0
1.9 0 0
1.925 0 0
1.95 0 0
1.975 0 0
2.0 0 0
2.025 0 0
2.05 0 0
2.075 0 0
2.1 0 0
2.125 0 0
2.15 0 0
2.175 0 0
2.2 0 0
2.225 0 0
2.25 0 0
2.275 0 0
2.3 0 0
2.325 0 0
2.35 0 0
2.375 0 0
2.4 0 0
2.425 0 0
2.45 0 0
2.475 0 0
2.5 0 0
2.525 0 0
2.55 0 0
2.575 0 0
2.6 0 0
2.625 0 0
2.65 0 0
2.675 0 0
2.7 0 0
2.725 0 0
2.75 0 0
2.775 0 0
2.8 0 0
2.825 0 0
2.85 0 0
2.875 0 0
2.9 0 0
2.925 0 0
2.95 0 0
2.975 0 0
3.0 0 0
3.025 0 0
3.05 0 0
3.075 0 1
3.1 0 1
3.125 0 2
3.15 0 2
3.175 0 3
3.2 0 2
3.225 0 2
3.25 0 3
3.275 0 3
3.3 0 4
3.325 0 4
3.35 0 5
3.375 0 5
3.4 0 4
